Base path: C:/Program Files/Unity/Unity/Editor/Data
Cmd: initializeCompiler
Cmd: compileSnippet
  api=16 type=1 insize=598 outsize=0 kw=ETC1_EXTERNAL_ALPHA pd=UNITY_ENABLE_REFLECTION_BUFFERS UNITY_NO_SCREENSPACE_SHADOWS UNITY_PBS_USE_BRDF3 UNITY_COLORSPACE_GAMMA ok=1
Cmd: compileSnippet
  api=16 type=0 insize=4896 outsize=1936 kw=SPOT pd=UNITY_ENABLE_REFLECTION_BUFFERS UNITY_NO_SCREENSPACE_SHADOWS UNITY_PBS_USE_BRDF3 UNITY_COLORSPACE_GAMMA ok=1
Cmd: compileSnippet
  api=16 type=1 insize=2257 outsize=0 kw= pd=UNITY_ENABLE_REFLECTION_BUFFERS UNITY_NO_SCREENSPACE_SHADOWS UNITY_PBS_USE_BRDF3 UNITY_COLORSPACE_GAMMA ok=1
Cmd: compileSnippet
  api=16 type=0 insize=1146 outsize=1420 kw=DIRECTIONAL pd=UNITY_ENABLE_REFLECTION_BUFFERS UNITY_NO_SCREENSPACE_SHADOWS UNITY_PBS_USE_BRDF3 UNITY_COLORSPACE_GAMMA ok=1
Cmd: compileSnippet
  api=16 type=1 insize=1634 outsize=0 kw= pd=UNITY_ENABLE_REFLECTION_BUFFERS UNITY_NO_SCREENSPACE_SHADOWS UNITY_PBS_USE_BRDF3 UNITY_COLORSPACE_GAMMA ok=1
Cmd: compileSnippet
  api=16 type=0 insize=2240 outsize=769 kw= pd=UNITY_ENABLE_REFLECTION_BUFFERS UNITY_NO_SCREENSPACE_SHADOWS UNITY_PBS_USE_BRDF3 UNITY_COLORSPACE_GAMMA ok=1
Cmd: compileSnippet
  api=16 type=1 insize=870 outsize=0 kw=SHADOWS_DEPTH pd=UNITY_ENABLE_REFLECTION_BUFFERS UNITY_NO_SCREENSPACE_SHADOWS UNITY_PBS_USE_BRDF3 UNITY_COLORSPACE_GAMMA ok=1
Cmd: compileSnippet
  api=16 type=1 insize=1999 outsize=0 kw=SOFTPARTICLES_ON pd=UNITY_ENABLE_REFLECTION_BUFFERS UNITY_NO_SCREENSPACE_SHADOWS UNITY_PBS_USE_BRDF3 UNITY_COLORSPACE_GAMMA ok=1
Cmd: compileSnippet
  api=16 type=0 insize=1940 outsize=689 kw= pd=UNITY_ENABLE_REFLECTION_BUFFERS UNITY_NO_SCREENSPACE_SHADOWS UNITY_PBS_USE_BRDF3 UNITY_COLORSPACE_GAMMA ok=1
Cmd: compileSnippet
  api=16 type=1 insize=2288 outsize=0 kw= pd=UNITY_ENABLE_REFLECTION_BUFFERS UNITY_NO_SCREENSPACE_SHADOWS UNITY_PBS_USE_BRDF3 UNITY_COLORSPACE_GAMMA ok=1
Cmd: compileSnippet
  api=16 type=1 insize=1195 outsize=0 kw= pd=UNITY_ENABLE_REFLECTION_BUFFERS UNITY_NO_SCREENSPACE_SHADOWS UNITY_PBS_USE_BRDF3 UNITY_COLORSPACE_GAMMA ok=1
