Base path: C:/Program Files/Unity/Unity/Editor/Data
Cmd: initializeCompiler
Cmd: compileSnippet
  api=16 type=0 insize=598 outsize=764 kw=ETC1_EXTERNAL_ALPHA PIXELSNAP_ON pd=UNITY_ENABLE_REFLECTION_BUFFERS UNITY_NO_SCREENSPACE_SHADOWS UNITY_PBS_USE_BRDF3 UNITY_COLORSPACE_GAMMA ok=1
Cmd: compileSnippet
  api=16 type=0 insize=1031 outsize=1048 kw=POINT_COOKIE pd=UNITY_ENABLE_REFLECTION_BUFFERS UNITY_NO_SCREENSPACE_SHADOWS UNITY_PBS_USE_BRDF3 UNITY_COLORSPACE_GAMMA ok=1
Cmd: compileSnippet
  api=16 type=0 insize=1190 outsize=625 kw= pd=UNITY_ENABLE_REFLECTION_BUFFERS UNITY_NO_SCREENSPACE_SHADOWS UNITY_PBS_USE_BRDF3 UNITY_COLORSPACE_GAMMA ok=1
Cmd: compileSnippet
  api=16 type=1 insize=4894 outsize=0 kw=SPOT pd=UNITY_ENABLE_REFLECTION_BUFFERS UNITY_NO_SCREENSPACE_SHADOWS UNITY_PBS_USE_BRDF3 UNITY_COLORSPACE_GAMMA ok=1
Cmd: compileSnippet
  api=16 type=1 insize=870 outsize=0 kw=SHADOWS_CUBE pd=UNITY_ENABLE_REFLECTION_BUFFERS UNITY_NO_SCREENSPACE_SHADOWS UNITY_PBS_USE_BRDF3 UNITY_COLORSPACE_GAMMA ok=1
Cmd: compileSnippet
  api=16 type=1 insize=1999 outsize=0 kw= pd=UNITY_ENABLE_REFLECTION_BUFFERS UNITY_NO_SCREENSPACE_SHADOWS UNITY_PBS_USE_BRDF3 UNITY_COLORSPACE_GAMMA ok=1
Cmd: compileSnippet
  api=16 type=0 insize=1240 outsize=540 kw= pd=UNITY_ENABLE_REFLECTION_BUFFERS UNITY_NO_SCREENSPACE_SHADOWS UNITY_PBS_USE_BRDF3 UNITY_COLORSPACE_GAMMA ok=1
Cmd: compileSnippet
  api=16 type=1 insize=1428 outsize=0 kw= pd=UNITY_ENABLE_REFLECTION_BUFFERS UNITY_NO_SCREENSPACE_SHADOWS UNITY_PBS_USE_BRDF3 UNITY_COLORSPACE_GAMMA ok=1
Cmd: compileSnippet
  api=16 type=0 insize=1890 outsize=650 kw= pd=UNITY_ENABLE_REFLECTION_BUFFERS UNITY_NO_SCREENSPACE_SHADOWS UNITY_PBS_USE_BRDF3 UNITY_COLORSPACE_GAMMA ok=1
